D:\UI_FS\git-ex1>git init
Initialized empty Git repository in D:/UI_FS/git-ex1/.git/

D:\UI_FS\git-ex1>git status
On branch master

No commits yet

nothing to commit (create/copy files and use "git add" to track)

D:\UI_FS\git-ex1>git status
On branch master

No commits yet

Untracked files:
  (use "git add <file>..." to include in what will be committed)
        exampl1.txt

nothing added to commit but untracked files present (use "git add" to track)

D:\UI_FS\git-ex1>git status
On branch master

No commits yet

Untracked files:
  (use "git add <file>..." to include in what will be committed)
        exampl1.txt
        exp1.html

nothing added to commit but untracked files present (use "git add" to track)

D:\UI_FS\git-ex1>git status
On branch master

No commits yet

Untracked files:
  (use "git add <file>..." to include in what will be committed)
        exampl1.txt
        exp1.html
        exp2.txt

nothing added to commit but untracked files present (use "git add" to track)

D:\UI_FS\git-ex1>git add exp1.html

D:\UI_FS\git-ex1>git status
On branch master

No commits yet

Changes to be committed:
  (use "git rm --cached <file>..." to unstage)
        new file:   exp1.html

Untracked files:
  (use "git add <file>..." to include in what will be committed)
        exampl1.txt
        exp2.txt


D:\UI_FS\git-ex1>git add exampl1.txt

D:\UI_FS\git-ex1>git status
On branch master

No commits yet

Changes to be committed:
  (use "git rm --cached <file>..." to unstage)
        new file:   exampl1.txt
        new file:   exp1.html

Untracked files:
  (use "git add <file>..." to include in what will be committed)
        exp2.txt


D:\UI_FS\git-ex1>git commit -m "comitting exampl1.txt and exp1.html"
[master (root-commit) 453ef6a] comitting exampl1.txt and exp1.html
 2 files changed, 10 insertions(+)
 create mode 100644 exampl1.txt
 create mode 100644 exp1.html

D:\UI_FS\git-ex1>git status
On branch master
Untracked files:
  (use "git add <file>..." to include in what will be committed)
        exp2.txt

nothing added to commit but untracked files present (use "git add" to track)

D:\UI_FS\git-ex1>git remote add origin https://github.com/SulakuntaAravind/git-ex1.git

D:\UI_FS\git-ex1>
D:\UI_FS\git-ex1>git status
On branch master
Untracked files:
  (use "git add <file>..." to include in what will be committed)
        exp2.txt

nothing added to commit but untracked files present (use "git add" to track)

D:\UI_FS\git-ex1>git push -u origin main
error: src refspec main does not match any
error: failed to push some refs to 'https://github.com/SulakuntaAravind/git-ex1.git'

D:\UI_FS\git-ex1>git branch
* master

D:\UI_FS\git-ex1>git push -u origin master
Enumerating objects: 4, done.
Counting objects: 100% (4/4), done.
Delta compression using up to 12 threads
Compressing objects: 100% (3/3), done.
Writing objects: 100% (4/4), 373 bytes | 186.00 KiB/s, done.
Total 4 (delta 0), reused 0 (delta 0), pack-reused 0 (from 0)
To https://github.com/SulakuntaAravind/git-ex1.git
 * [new branch]      master -> master
branch 'master' set up to track 'origin/master'.

D:\UI_FS\git-ex1>git checkout -b "copy1"
Switched to a new branch 'copy1'

D:\UI_FS\git-ex1>git status
On branch copy1
Untracked files:
  (use "git add <file>..." to include in what will be committed)
        exp2.txt

nothing added to commit but untracked files present (use "git add" to track)

D:\UI_FS\git-ex1>git branch
* copy1
  master

D:\UI_FS\git-ex1>git add exp2.txt

D:\UI_FS\git-ex1>git status
On branch copy1
Changes to be committed:
  (use "git restore --staged <file>..." to unstage)
        new file:   exp2.txt


D:\UI_FS\git-ex1>git commit -m "Commiting exp2.txt to copy1"
[copy1 556962b] Commiting exp2.txt to copy1
 1 file changed, 0 insertions(+), 0 deletions(-)
 create mode 100644 exp2.txt

D:\UI_FS\git-ex1>git push
fatal: The current branch copy1 has no upstream branch.
To push the current branch and set the remote as upstream, use

    git push --set-upstream origin copy1

To have this happen automatically for branches without a tracking
upstream, see 'push.autoSetupRemote' in 'git help config'.


D:\UI_FS\git-ex1>git push --set-upstream origin copy1
Enumerating objects: 4, done.
Counting objects: 100% (4/4), done.
Delta compression using up to 12 threads
Compressing objects: 100% (2/2), done.
Writing objects: 100% (3/3), 320 bytes | 320.00 KiB/s, done.
Total 3 (delta 0), reused 0 (delta 0), pack-reused 0 (from 0)
remote:
remote: Create a pull request for 'copy1' on GitHub by visiting:
remote:      https://github.com/SulakuntaAravind/git-ex1/pull/new/copy1
remote:
To https://github.com/SulakuntaAravind/git-ex1.git
 * [new branch]      copy1 -> copy1
branch 'copy1' set up to track 'origin/copy1'.